BL51 BANKED LINKER/LOCATER V4.02                                                        10/28/2019  14:04:56  PAGE 1


BL51 BANKED LINKER/LOCATER V4.02, INVOKED BY:
C:\KEIL\C51\BIN\BL51.EXE .\exp_3_fall2019.obj, .\I2C.obj, .\LCD_hardware_functions.obj, .\LCD_routines.obj, .\LED_Output
>> s.obj, .\outputs.obj, .\STA013.obj, .\Timer0_hardware_delay_1ms.obj, .\UART.obj, .\config.obj TO exp3


MEMORY MODEL: SMALL


INPUT MODULES INCLUDED:
  .\exp_3_fall2019.obj (EXP_3_FALL2019)
  .\I2C.obj (I2C)
  .\LCD_hardware_functions.obj (LCD_HARDWARE_FUNCTIONS)
  .\LCD_routines.obj (LCD_ROUTINES)
  .\LED_Outputs.obj (LED_OUTPUTS)
  .\outputs.obj (OUTPUTS)
  .\STA013.obj (STA013)
  .\Timer0_hardware_delay_1ms.obj (TIMER0_HARDWARE_DELAY_1MS)
  .\UART.obj (UART)
  .\config.obj (CONFIG)
  C:\KEIL\C51\LIB\C51S.LIB (?C_STARTUP)
  C:\KEIL\C51\LIB\C51S.LIB (?C?CLDOPTR)
  C:\KEIL\C51\LIB\C51S.LIB (?C?CSTPTR)
  C:\KEIL\C51\LIB\C51S.LIB (?C?CSTOPTR)
  C:\KEIL\C51\LIB\C51S.LIB (?C?LMUL)
  C:\KEIL\C51\LIB\C51S.LIB (?C?ULDIV)
  C:\KEIL\C51\LIB\C51S.LIB (?C?ULCMP)
  C:\KEIL\C51\LIB\C51S.LIB (?C?ULSHR)
  C:\KEIL\C51\LIB\C51S.LIB (PRINTF)
  C:\KEIL\C51\LIB\C51S.LIB (?C?CLDPTR)
  C:\KEIL\C51\LIB\C51S.LIB (?C?PLDIIDATA)
  C:\KEIL\C51\LIB\C51S.LIB (?C?CCASE)
  C:\KEIL\C51\LIB\C51S.LIB (PUTCHAR)


LINK MAP OF MODULE:  exp3 (EXP_3_FALL2019)


            TYPE    BASE      LENGTH    RELOCATION   SEGMENT NAME
            -----------------------------------------------------

            * * * * * * *   D A T A   M E M O R Y   * * * * * * *
            REG     0000H     0008H     ABSOLUTE     "REG BANK 0"
                    0008H     0018H                  *** GAP ***
            BIT     0020H.0   0001H.1   UNIT         _BIT_GROUP_
                    0021H.1   0000H.7                *** GAP ***
            DATA    0022H     0028H     UNIT         _DATA_GROUP_
            IDATA   004AH     0001H     UNIT         ?STACK

            * * * * * * *   C O D E   M E M O R Y   * * * * * * *
            CODE    0000H     0003H     ABSOLUTE     
            CODE    0003H     0FD0H     UNIT         STA013_CONFIG
            CODE    0FD3H     035CH     UNIT         ?PR?PRINTF?PRINTF
            CODE    132FH     0277H     UNIT         ?CO?STA013
            CODE    15A6H     01F1H     UNIT         ?C?LIB_CODE
            CODE    1797H     0115H     UNIT         ?PR?STA013_SEND_CFG_TABLE?STA013
            CODE    18ACH     00BDH     UNIT         ?PR?_I2C_READ?I2C
            CODE    1969H     00BDH     UNIT         ?PR?_STA013_SEND_CFG_FILE?STA013
            CODE    1A26H     00B2H     UNIT         ?PR?_I2C_WRITE?I2C
BL51 BANKED LINKER/LOCATER V4.02                                                      10/28/2019  14:04:56  PAGE 2


            CODE    1AD8H     0098H     UNIT         ?PR?_WRITE_PORT_BIT?OUTPUTS
            CODE    1B70H     008DH     UNIT         ?PR?_STA013_TEST_READ_ID?STA013
            CODE    1BFDH     0085H     UNIT         ?PR?_LCD_PRINT?LCD_ROUTINES
            CODE    1C82H     007AH     UNIT         ?PR?STA013_INIT?STA013
            CODE    1CFCH     0067H     UNIT         ?PR?MAIN?EXP_3_FALL2019
            CODE    1D63H     0061H     UNIT         ?PR?_UART_INIT?UART
            CODE    1DC4H     0044H     UNIT         ?CO?EXP_3_FALL2019
            CODE    1E08H     003BH     UNIT         ?PR?_SEND_BYTE?I2C
            CODE    1E43H     0038H     UNIT         ?PR?LCD_INIT?LCD_ROUTINES
            CODE    1E7BH     002AH     UNIT         ?PR?_LCD_WRITE?LCD_HARDWARE_FUNCTIONS
            CODE    1EA5H     0027H     UNIT         ?PR?PUTCHAR?PUTCHAR
            CODE    1ECCH     0026H     UNIT         ?PR?_TIMER0_DELAY_1MS?TIMER0_HARDWARE_DELAY_1MS
            CODE    1EF2H     0020H     UNIT         ?PR?_I2C_CLOCK_DELAY?I2C
            CODE    1F12H     0015H     UNIT         ?PR?SEND_STOP?I2C
            CODE    1F27H     0014H     UNIT         ?PR?GET_ACK?I2C
            CODE    1F3BH     0013H     UNIT         ?PR?I2C_CLOCK_START?I2C
            CODE    1F4EH     0013H     UNIT         ?PR?SEND_ACK?I2C
            CODE    1F61H     000CH     UNIT         ?C_C51STARTUP
            CODE    1F6DH     0009H     UNIT         ?PR?SEND_NACK?I2C
            CODE    1F76H     0008H     UNIT         ?PR?_UART_TRANSMIT?UART
            CODE    1F7EH     0008H     UNIT         ?PR?UART_RECEIVE?UART
            CODE    1F86H     0005H     UNIT         ?PR?_CLEAR_LCD_BIT?LCD_HARDWARE_FUNCTIONS
            CODE    1F8BH     0005H     UNIT         ?PR?_LEDS_ON?LED_OUTPUTS
            CODE    1F90H     0004H     UNIT         ?PR?_SET_LCD_BIT?LCD_HARDWARE_FUNCTIONS
            CODE    1F94H     0004H     UNIT         ?PR?_LEDS_OFF?LED_OUTPUTS
            CODE    1F98H     0003H     UNIT         ?PR?_OUTPUT_LCD_DATA?LCD_HARDWARE_FUNCTIONS



OVERLAY MAP OF MODULE:   exp3 (EXP_3_FALL2019)


SEGMENT                                                    BIT_GROUP          DATA_GROUP 
  +--> CALLED SEGMENT                                   START    LENGTH     START    LENGTH
-------------------------------------------------------------------------------------------
?C_C51STARTUP                                           -----    -----      -----    -----
  +--> ?PR?MAIN?EXP_3_FALL2019

?PR?MAIN?EXP_3_FALL2019                                 -----    -----      0022H    0001H
  +--> ?PR?_LEDS_ON?LED_OUTPUTS
  +--> ?PR?_TIMER0_DELAY_1MS?TIMER0_HARDWARE_DELAY_1MS
  +--> ?PR?_UART_INIT?UART
  +--> ?PR?LCD_INIT?LCD_ROUTINES
  +--> ?CO?EXP_3_FALL2019
  +--> ?PR?_LCD_PRINT?LCD_ROUTINES
  +--> ?PR?STA013_INIT?STA013
  +--> ?PR?PRINTF?PRINTF
  +--> ?PR?_LEDS_OFF?LED_OUTPUTS
  +--> ?PR?UART_RECEIVE?UART
  +--> ?PR?_UART_TRANSMIT?UART

?PR?_UART_INIT?UART                                     -----    -----      0023H    0002H

?PR?LCD_INIT?LCD_ROUTINES                               -----    -----      -----    -----
  +--> ?PR?_LCD_WRITE?LCD_HARDWARE_FUNCTIONS
  +--> ?PR?_TIMER0_DELAY_1MS?TIMER0_HARDWARE_DELAY_1MS

BL51 BANKED LINKER/LOCATER V4.02                                                      10/28/2019  14:04:56  PAGE 3


?PR?_LCD_WRITE?LCD_HARDWARE_FUNCTIONS                   -----    -----      0029H    0001H
  +--> ?PR?_CLEAR_LCD_BIT?LCD_HARDWARE_FUNCTIONS
  +--> ?PR?_SET_LCD_BIT?LCD_HARDWARE_FUNCTIONS
  +--> ?PR?_OUTPUT_LCD_DATA?LCD_HARDWARE_FUNCTIONS

?PR?_LCD_PRINT?LCD_ROUTINES                             -----    -----      0023H    0006H
  +--> ?PR?_LCD_WRITE?LCD_HARDWARE_FUNCTIONS
  +--> ?PR?_TIMER0_DELAY_1MS?TIMER0_HARDWARE_DELAY_1MS

?PR?STA013_INIT?STA013                                  -----    -----      0023H    0001H
  +--> ?PR?_WRITE_PORT_BIT?OUTPUTS
  +--> ?PR?_STA013_TEST_READ_ID?STA013
  +--> ?CO?STA013
  +--> ?PR?PRINTF?PRINTF
  +--> ?PR?_STA013_SEND_CFG_FILE?STA013
  +--> ?PR?STA013_SEND_CFG_TABLE?STA013

?PR?_STA013_TEST_READ_ID?STA013                         -----    -----      0024H    0006H
  +--> ?PR?_I2C_READ?I2C
  +--> ?CO?STA013
  +--> ?PR?PRINTF?PRINTF

?PR?_I2C_READ?I2C                                       -----    -----      002EH    000DH
  +--> ?PR?_I2C_WRITE?I2C
  +--> ?PR?I2C_CLOCK_START?I2C
  +--> ?PR?_SEND_BYTE?I2C
  +--> ?PR?_I2C_CLOCK_DELAY?I2C
  +--> ?PR?SEND_NACK?I2C
  +--> ?PR?SEND_ACK?I2C
  +--> ?PR?SEND_STOP?I2C

?PR?_I2C_WRITE?I2C                                      -----    -----      003BH    000FH
  +--> ?PR?I2C_CLOCK_START?I2C
  +--> ?PR?_SEND_BYTE?I2C
  +--> ?PR?_I2C_CLOCK_DELAY?I2C
  +--> ?PR?SEND_STOP?I2C

?PR?_SEND_BYTE?I2C                                      -----    -----      -----    -----
  +--> ?PR?_I2C_CLOCK_DELAY?I2C
  +--> ?PR?GET_ACK?I2C

?PR?GET_ACK?I2C                                         -----    -----      -----    -----
  +--> ?PR?_I2C_CLOCK_DELAY?I2C

?PR?SEND_STOP?I2C                                       -----    -----      -----    -----
  +--> ?PR?_I2C_CLOCK_DELAY?I2C

?PR?SEND_NACK?I2C                                       -----    -----      -----    -----
  +--> ?PR?_I2C_CLOCK_DELAY?I2C

?PR?SEND_ACK?I2C                                        -----    -----      -----    -----
  +--> ?PR?_I2C_CLOCK_DELAY?I2C

?PR?PRINTF?PRINTF                                       0020H.0  0001H.1    002EH    0014H
  +--> ?PR?PUTCHAR?PUTCHAR

?PR?_STA013_SEND_CFG_FILE?STA013                        -----    -----      0024H    000BH
BL51 BANKED LINKER/LOCATER V4.02                                                      10/28/2019  14:04:56  PAGE 4


  +--> ?PR?_I2C_WRITE?I2C

?PR?STA013_SEND_CFG_TABLE?STA013                        -----    -----      0024H    000AH
  +--> ?CO?STA013
  +--> ?PR?_I2C_WRITE?I2C
  +--> ?PR?PRINTF?PRINTF
  +--> ?PR?_I2C_READ?I2C



SYMBOL TABLE OF MODULE:  exp3 (EXP_3_FALL2019)

  VALUE           TYPE          NAME
  ----------------------------------

  -------         MODULE        EXP_3_FALL2019
  C:0000H         SYMBOL        _ICE_DUMMY_
  B:00D8H.2       PUBLIC        CCF2
  B:00D8H.3       PUBLIC        CCF3
  D:0080H         PUBLIC        P0
  B:00D8H.4       PUBLIC        CCF4
  D:0090H         PUBLIC        P1
  D:00A0H         PUBLIC        P2
  D:00B0H         PUBLIC        P3
  B:00B0H.4       PUBLIC        T0
  B:00D0H.6       PUBLIC        AC
  B:00B0H.5       PUBLIC        T1
  B:00B0H.7       PUBLIC        nRD
  B:0090H.0       PUBLIC        T2
  B:00A8H.7       PUBLIC        EA
  B:00A8H.6       PUBLIC        EC
  B:00D8H.7       PUBLIC        CF
  B:00B0H.2       PUBLIC        nINT0
  B:0098H.7       PUBLIC        FE
  B:00B0H.3       PUBLIC        nINT1
  D:00A8H         PUBLIC        IEN0
  B:00B0H.0       PUBLIC        RxD
  B:0090H.0       PUBLIC        P1_0
  B:00B0H.1       PUBLIC        TxD
  B:0090H.3       PUBLIC        CEX0
  B:0090H.1       PUBLIC        P1_1
  B:0090H.4       PUBLIC        CEX1
  B:0090H.2       PUBLIC        P1_2
  B:00C8H.0       PUBLIC        CP
  B:0090H.3       PUBLIC        P1_3
  B:00B0H.2       PUBLIC        P3_2
  B:0090H.4       PUBLIC        P1_4
  B:00D8H.6       PUBLIC        CR
  B:00B0H.3       PUBLIC        P3_3
  B:0090H.5       PUBLIC        P1_5
  B:00C8H.6       PUBLIC        EXF2
  D:00B8H         PUBLIC        IPL0
  B:00B0H.4       PUBLIC        P3_4
  B:0090H.6       PUBLIC        P1_6
  B:00B0H.5       PUBLIC        P3_5
  B:0090H.7       PUBLIC        P1_7
  B:00B0H.6       PUBLIC        nWR
BL51 BANKED LINKER/LOCATER V4.02                                                      10/28/2019  14:04:56  PAGE 5


  B:00A8H.4       PUBLIC        ES
  B:0098H.0       PUBLIC        RI
  B:00D0H.7       PUBLIC        CY
  B:0098H.1       PUBLIC        TI
  D:008FH         PUBLIC        CKCON0
  B:00B8H.1       PUBLIC        PT0L
  B:00B8H.3       PUBLIC        PT1L
  B:00B8H.5       PUBLIC        PT2L
  B:0090H.1       PUBLIC        T2EX
  D:00D8H         PUBLIC        CCON
  B:00B0H.6       PUBLIC        RS
  B:00B8H.0       PUBLIC        PX0L
  B:00D0H.2       PUBLIC        OV
  B:0090H.1       PUBLIC        SS
  B:00B8H.2       PUBLIC        PX1L
  C:1CFCH         PUBLIC        main
  B:00C8H.5       PUBLIC        RCLK
  B:00C8H.4       PUBLIC        TCLK
  B:00B8H.6       PUBLIC        PPCL
  B:00A0H.4       PUBLIC        REDLED
  D:0098H         PUBLIC        SCON
  B:00A0H.5       PUBLIC        YELLOWLED
  B:0080H.0       PUBLIC        AD0
  D:0088H         PUBLIC        TCON
  B:0080H.1       PUBLIC        AD1
  B:0080H.2       PUBLIC        AD2
  B:00B0H.1       PUBLIC        per_RxD
  B:00C8H.1       PUBLIC        CnT2
  B:0080H.3       PUBLIC        AD3
  B:0090H.5       PUBLIC        MISO
  B:0090H.7       PUBLIC        MOSI
  B:0080H.4       PUBLIC        AD4
  B:00B0H.0       PUBLIC        per_TxD
  B:0080H.5       PUBLIC        AD5
  B:0080H.6       PUBLIC        AD6
  B:0080H.7       PUBLIC        AD7
  B:00A0H.0       PUBLIC        AD8
  B:00A0H.1       PUBLIC        AD9
  B:0088H.1       PUBLIC        IE0
  B:00A0H.6       PUBLIC        AMBERLED
  B:0088H.3       PUBLIC        IE1
  D:008EH         PUBLIC        AUXR
  B:00B0H.7       PUBLIC        E
  B:00A0H.7       PUBLIC        GREENLED
  B:00A8H.1       PUBLIC        ET0
  B:00A8H.3       PUBLIC        ET1
  B:0088H.5       PUBLIC        TF0
  B:00A8H.5       PUBLIC        ET2
  B:0088H.7       PUBLIC        TF1
  B:00C8H.7       PUBLIC        TF2
  B:0098H.2       PUBLIC        RB8
  B:00A8H.0       PUBLIC        EX0
  B:0088H.0       PUBLIC        IT0
  B:0098H.3       PUBLIC        TB8
  B:00A8H.2       PUBLIC        EX1
  B:0088H.2       PUBLIC        IT1
  B:00D0H.0       PUBLIC        P
BL51 BANKED LINKER/LOCATER V4.02                                                      10/28/2019  14:04:56  PAGE 6


  B:0098H.7       PUBLIC        SM0
  B:0090H.2       PUBLIC        ECI
  B:0098H.6       PUBLIC        SM1
  B:0098H.5       PUBLIC        SM2
  B:00D0H.3       PUBLIC        RS0
  B:0088H.4       PUBLIC        TR0
  B:00D0H.4       PUBLIC        RS1
  B:0088H.6       PUBLIC        TR1
  B:0090H.0       PUBLIC        SDA
  B:00C8H.2       PUBLIC        TR2
  B:00A0H.0       PUBLIC        SW1
  C:1DF9H         PUBLIC        exp3_string_success
  B:00A0H.1       PUBLIC        SW2
  B:00A0H.2       PUBLIC        SW3
  B:00A0H.3       PUBLIC        SW4
  B:0090H.6       PUBLIC        SCK
  B:0090H.1       PUBLIC        SCL
  B:00C8H.3       PUBLIC        EXEN2
  B:0098H.4       PUBLIC        REN
  B:00A0H.2       PUBLIC        AD10
  B:00A0H.3       PUBLIC        AD11
  D:00C8H         PUBLIC        T2CON
  B:00A0H.4       PUBLIC        AD12
  B:00A0H.5       PUBLIC        AD13
  B:00A0H.6       PUBLIC        AD14
  B:00A0H.7       PUBLIC        AD15
  B:00B8H.4       PUBLIC        PLS
  B:00D0H.5       PUBLIC        F0
  B:00D0H.1       PUBLIC        F1
  D:00D0H         PUBLIC        PSW
  B:00D8H.0       PUBLIC        CCF0
  C:1DEDH         PUBLIC        exp3_string
  B:00D8H.1       PUBLIC        CCF1
  -------         PROC          MAIN
  -------         DO            MAIN
  D:0022H         SYMBOL        input_value
  -------         ENDDO         input_value
  C:1CFCH         LINE#         13
  C:1CFCH         LINE#         14
  C:1CFCH         LINE#         17
  C:1D01H         LINE#         18
  C:1D04H         LINE#         19
  C:1D04H         LINE#         20
  C:1D04H         LINE#         21
  C:1D07H         LINE#         22
  C:1D07H         LINE#         23
  C:1D07H         LINE#         24
  C:1D07H         LINE#         25
  C:1D07H         LINE#         26
  C:1D07H         LINE#         27
  C:1D0EH         LINE#         28
  C:1D15H         LINE#         31
  C:1D18H         LINE#         32
  C:1D24H         LINE#         33
  C:1D2AH         LINE#         34
  C:1D2AH         LINE#         35
  C:1D33H         LINE#         36
BL51 BANKED LINKER/LOCATER V4.02                                                      10/28/2019  14:04:56  PAGE 7


  C:1D3FH         LINE#         37
  C:1D44H         LINE#         38
  C:1D46H         LINE#         40
  C:1D46H         LINE#         41
  C:1D4FH         LINE#         42
  C:1D54H         LINE#         43
  C:1D54H         LINE#         44
  C:1D59H         LINE#         46
  C:1D59H         LINE#         47
  C:1D59H         LINE#         48
  C:1D5EH         LINE#         49
  C:1D61H         LINE#         50
  -------         ENDPROC       MAIN
  -------         ENDMOD        EXP_3_FALL2019

  -------         MODULE        I2C
  C:0000H         SYMBOL        _ICE_DUMMY_
  B:00D8H.2       PUBLIC        CCF2
  B:00D8H.3       PUBLIC        CCF3
  D:0080H         PUBLIC        P0
  C:1EFCH         PUBLIC        _I2C_clock_delay
  B:00D8H.4       PUBLIC        CCF4
  D:0090H         PUBLIC        P1
  D:00A0H         PUBLIC        P2
  D:00B0H         PUBLIC        P3
  B:00B0H.4       PUBLIC        T0
  B:00D0H.6       PUBLIC        AC
  B:00B0H.5       PUBLIC        T1
  B:00B0H.7       PUBLIC        nRD
  B:0090H.0       PUBLIC        T2
  B:00A8H.7       PUBLIC        EA
  B:00A8H.6       PUBLIC        EC
  B:00D8H.7       PUBLIC        CF
  B:00B0H.2       PUBLIC        nINT0
  B:0098H.7       PUBLIC        FE
  B:00B0H.3       PUBLIC        nINT1
  D:00A8H         PUBLIC        IEN0
  B:00B0H.0       PUBLIC        RxD
  B:0090H.0       PUBLIC        P1_0
  B:00B0H.1       PUBLIC        TxD
  B:0090H.3       PUBLIC        CEX0
  B:0090H.1       PUBLIC        P1_1
  B:0090H.4       PUBLIC        CEX1
  B:0090H.2       PUBLIC        P1_2
  B:00C8H.0       PUBLIC        CP
  B:0090H.3       PUBLIC        P1_3
  B:00B0H.2       PUBLIC        P3_2
  B:0090H.4       PUBLIC        P1_4
  B:00D8H.6       PUBLIC        CR
  B:00B0H.3       PUBLIC        P3_3
  B:0090H.5       PUBLIC        P1_5
  B:00C8H.6       PUBLIC        EXF2
  D:00B8H         PUBLIC        IPL0
  B:00B0H.4       PUBLIC        P3_4
  B:0090H.6       PUBLIC        P1_6
  B:00B0H.5       PUBLIC        P3_5
  B:0090H.7       PUBLIC        P1_7
BL51 BANKED LINKER/LOCATER V4.02                                                      10/28/2019  14:04:56  PAGE 8


  B:00B0H.6       PUBLIC        nWR
  B:00A8H.4       PUBLIC        ES
  B:0098H.0       PUBLIC        RI
  B:00D0H.7       PUBLIC        CY
  C:18ACH         PUBLIC        _I2C_read
  B:0098H.1       PUBLIC        TI
  B:00B8H.1       PUBLIC        PT0L
  B:00B8H.3       PUBLIC        PT1L
  C:1E08H         PUBLIC        _send_byte
  B:00B8H.5       PUBLIC        PT2L
  B:0090H.1       PUBLIC        T2EX
  D:00D8H         PUBLIC        CCON
  B:00B0H.6       PUBLIC        RS
  B:00B8H.0       PUBLIC        PX0L
  B:00D0H.2       PUBLIC        OV
  B:0090H.1       PUBLIC        SS
  B:00B8H.2       PUBLIC        PX1L
  C:1F6DH         PUBLIC        send_NACK
  C:1A26H         PUBLIC        _I2C_write
  B:00C8H.5       PUBLIC        RCLK
  B:00C8H.4       PUBLIC        TCLK
  B:00B8H.6       PUBLIC        PPCL
  B:00A0H.4       PUBLIC        REDLED
  D:0098H         PUBLIC        SCON
  B:00A0H.5       PUBLIC        YELLOWLED
  B:0080H.0       PUBLIC        AD0
  D:0089H         PUBLIC        TMOD
  D:0088H         PUBLIC        TCON
  B:0080H.1       PUBLIC        AD1
  B:0080H.2       PUBLIC        AD2
  B:00B0H.1       PUBLIC        per_RxD
  B:00C8H.1       PUBLIC        CnT2
  B:0080H.3       PUBLIC        AD3
  B:0090H.5       PUBLIC        MISO
  B:0090H.7       PUBLIC        MOSI
  B:0080H.4       PUBLIC        AD4
  B:00B0H.0       PUBLIC        per_TxD
  B:0080H.5       PUBLIC        AD5
  B:0080H.6       PUBLIC        AD6
  B:0080H.7       PUBLIC        AD7
  B:00A0H.0       PUBLIC        AD8
  B:00A0H.1       PUBLIC        AD9
  B:0088H.1       PUBLIC        IE0
  B:00A0H.6       PUBLIC        AMBERLED
  B:0088H.3       PUBLIC        IE1
  C:1F3BH         PUBLIC        I2C_clock_start
  B:00B0H.7       PUBLIC        E
  B:00A0H.7       PUBLIC        GREENLED
  B:00A8H.1       PUBLIC        ET0
  B:00A8H.3       PUBLIC        ET1
  B:0088H.5       PUBLIC        TF0
  B:00A8H.5       PUBLIC        ET2
  B:0088H.7       PUBLIC        TF1
  B:00C8H.7       PUBLIC        TF2
  B:0098H.2       PUBLIC        RB8
  B:00A8H.0       PUBLIC        EX0
  B:0088H.0       PUBLIC        IT0
BL51 BANKED LINKER/LOCATER V4.02                                                      10/28/2019  14:04:56  PAGE 9


  D:008DH         PUBLIC        TH1
  B:0098H.3       PUBLIC        TB8
  B:00A8H.2       PUBLIC        EX1
  B:0088H.2       PUBLIC        IT1
  B:00D0H.0       PUBLIC        P
  B:0098H.7       PUBLIC        SM0
  B:0090H.2       PUBLIC        ECI
  B:0098H.6       PUBLIC        SM1
  D:008BH         PUBLIC        TL1
  B:0098H.5       PUBLIC        SM2
  C:1F12H         PUBLIC        send_STOP
  B:00D0H.3       PUBLIC        RS0
  B:0088H.4       PUBLIC        TR0
  B:00D0H.4       PUBLIC        RS1
  B:0088H.6       PUBLIC        TR1
  B:0090H.0       PUBLIC        SDA
  B:00C8H.2       PUBLIC        TR2
  B:00A0H.0       PUBLIC        SW1
  C:1F4EH         PUBLIC        send_ACK
  B:00A0H.1       PUBLIC        SW2
  B:00A0H.2       PUBLIC        SW3
  B:00A0H.3       PUBLIC        SW4
  B:0090H.6       PUBLIC        SCK
  B:0090H.1       PUBLIC        SCL
  B:00C8H.3       PUBLIC        EXEN2
  B:0098H.4       PUBLIC        REN
  B:00A0H.2       PUBLIC        AD10
  B:00A0H.3       PUBLIC        AD11
  D:00C8H         PUBLIC        T2CON
  B:00A0H.4       PUBLIC        AD12
  B:00A0H.5       PUBLIC        AD13
  B:00A0H.6       PUBLIC        AD14
  B:00A0H.7       PUBLIC        AD15
  B:00B8H.4       PUBLIC        PLS
  C:1F27H         PUBLIC        get_ACK
  B:00D0H.5       PUBLIC        F0
  B:00D0H.1       PUBLIC        F1
  D:00D0H         PUBLIC        PSW
  B:00D8H.0       PUBLIC        CCF0
  B:00D8H.1       PUBLIC        CCF1
  -------         PROC          I2C_CLOCK_START
  C:1F3BH         LINE#         14
  C:1F3BH         LINE#         15
  C:1F3BH         LINE#         17
  C:1F3EH         LINE#         18
  C:1F41H         LINE#         19
  C:1F43H         LINE#         20
  C:1F46H         LINE#         21
  C:1F49H         LINE#         22
  C:1F4BH         LINE#         23
  C:1F4DH         LINE#         24
  -------         ENDPROC       I2C_CLOCK_START
  -------         PROC          L?0057
  -------         ENDPROC       L?0057
  -------         PROC          _I2C_CLOCK_DELAY
  D:0007H         SYMBOL        control
  C:1EFCH         LINE#         26
BL51 BANKED LINKER/LOCATER V4.02                                                      10/28/2019  14:04:56  PAGE 10


  C:1EFCH         LINE#         27
  C:1EFCH         LINE#         28
  C:1EFFH         LINE#         29
  C:1EFFH         LINE#         30
  C:1F02H         LINE#         31
  C:1F02H         LINE#         33
  C:1F04H         LINE#         34
  C:1F07H         LINE#         35
  C:1F07H         LINE#         36
  C:1F0AH         LINE#         37
  C:1F0DH         LINE#         38
  C:1F0FH         LINE#         39
  C:1F11H         LINE#         40
  C:1F11H         LINE#         41
  -------         ENDPROC       _I2C_CLOCK_DELAY
  -------         PROC          GET_ACK
  -------         DO            GET_ACK
  D:0007H         SYMBOL        sent_bit
  -------         ENDDO         sent_bit
  C:1F27H         LINE#         43
  C:1F27H         LINE#         44
  C:1F27H         LINE#         47
  C:1F27H         LINE#         48
  C:1F27H         LINE#         49
  C:1F27H         LINE#         50
  C:1F2AH         LINE#         51
  C:1F2CH         LINE#         52
  C:1F2FH         LINE#         54
  C:1F33H         LINE#         55
  C:1F38H         LINE#         56
  C:1F3AH         LINE#         57
  -------         ENDPROC       GET_ACK
  -------         PROC          SEND_ACK
  C:1F4EH         LINE#         59
  C:1F4EH         LINE#         60
  C:1F4EH         LINE#         61
  C:1F53H         LINE#         62
  C:1F55H         LINE#         63
  C:1F57H         LINE#         64
  C:1F5BH         LINE#         65
  C:1F5DH         LINE#         66
  C:1F60H         LINE#         67
  -------         ENDPROC       SEND_ACK
  -------         PROC          SEND_NACK
  C:1F6DH         LINE#         69
  C:1F6DH         LINE#         70
  C:1F6DH         LINE#         71
  C:1F6DH         LINE#         72
  C:1F6DH         LINE#         73
  C:1F6DH         LINE#         74
  C:1F70H         LINE#         75
  C:1F72H         LINE#         76
  C:1F75H         LINE#         77
  -------         ENDPROC       SEND_NACK
  -------         PROC          SEND_STOP
  C:1F12H         LINE#         79
  C:1F12H         LINE#         80
BL51 BANKED LINKER/LOCATER V4.02                                                      10/28/2019  14:04:56  PAGE 11


  C:1F12H         LINE#         81
  C:1F17H         LINE#         82
  C:1F19H         LINE#         83
  C:1F1BH         LINE#         84
  C:1F1FH         LINE#         85
  C:1F21H         LINE#         86
  C:1F24H         LINE#         87
  C:1F26H         LINE#         88
  -------         ENDPROC       SEND_STOP
  -------         PROC          _SEND_BYTE
  D:0006H         SYMBOL        send_val
  -------         DO            send_val
  D:0005H         SYMBOL        num_bits
  D:0003H         SYMBOL        send_bit
  D:0007H         SYMBOL        sent_bit
  -------         ENDDO         sent_bit
  C:1E08H         LINE#         90
  C:1E0AH         LINE#         91
  C:1E0AH         LINE#         93
  C:1E0CH         LINE#         95
  C:1E0CH         LINE#         96
  C:1E11H         LINE#         97
  C:1E13H         LINE#         98
  C:1E14H         LINE#         99
  C:1E21H         LINE#         100
  C:1E25H         LINE#         102
  C:1E2AH         LINE#         103
  C:1E2CH         LINE#         104
  C:1E2FH         LINE#         106
  C:1E33H         LINE#         107
  C:1E39H         LINE#         108
  C:1E3FH         LINE#         109
  C:1E42H         LINE#         110
  -------         ENDPROC       _SEND_BYTE
  -------         PROC          _I2C_WRITE
  D:0006H         SYMBOL        device_addr
  D:003CH         SYMBOL        int_addr
  D:0040H         SYMBOL        int_addr_sz
  D:0041H         SYMBOL        num_bytes
  D:0043H         SYMBOL        data_array
  -------         DO            data_array
  D:0046H         SYMBOL        return_val
  D:0047H         SYMBOL        send_val
  D:0048H         SYMBOL        index
  -------         ENDDO         index
  C:1A26H         LINE#         112
  C:1A28H         LINE#         113
  C:1A28H         LINE#         117
  C:1A2AH         LINE#         118
  C:1A2CH         LINE#         120
  C:1A37H         LINE#         121
  C:1A40H         LINE#         122
  C:1A43H         LINE#         123
  C:1A48H         LINE#         124
  C:1A4BH         LINE#         126
  C:1A4DH         LINE#         129
  C:1A54H         LINE#         130
BL51 BANKED LINKER/LOCATER V4.02                                                      10/28/2019  14:04:56  PAGE 12


  C:1A5AH         LINE#         131
  C:1A5AH         LINE#         132
  C:1A5FH         LINE#         133
  C:1A62H         LINE#         134
  C:1A62H         LINE#         136
  C:1A72H         LINE#         137
  C:1A72H         LINE#         138
  C:1A80H         LINE#         139
  C:1A80H         LINE#         140
  C:1A97H         LINE#         141
  C:1A99H         LINE#         143
  C:1A99H         LINE#         144
  C:1AB0H         LINE#         145
  C:1AB0H         LINE#         147
  C:1AB7H         LINE#         148
  C:1ABDH         LINE#         149
  C:1ABDH         LINE#         150
  C:1AC2H         LINE#         151
  C:1AC5H         LINE#         152
  C:1AC5H         LINE#         153
  C:1ACFH         LINE#         154
  C:1AD2H         LINE#         155
  C:1AD7H         LINE#         156
  C:1AD7H         LINE#         158
  -------         ENDPROC       _I2C_WRITE
  -------         PROC          _I2C_READ
  D:002EH         SYMBOL        device_addr
  D:002FH         SYMBOL        int_addr
  D:0033H         SYMBOL        int_addr_sz
  D:0034H         SYMBOL        num_bytes
  D:0036H         SYMBOL        data_array
  -------         DO            data_array
  D:0039H         SYMBOL        return_val
  D:0007H         SYMBOL        send_val
  D:003AH         SYMBOL        rcv_val
  D:0007H         SYMBOL        rcv_bit
  D:0006H         SYMBOL        num_bits
  D:0004H         SYMBOL        index
  -------         ENDDO         index
  C:18ACH         LINE#         160
  C:18AEH         LINE#         161
  C:18AEH         LINE#         165
  C:18B1H         LINE#         166
  C:18D1H         LINE#         168
  C:18D3H         LINE#         169
  C:18D5H         LINE#         170
  C:18DEH         LINE#         171
  C:18E1H         LINE#         173
  C:18E6H         LINE#         174
  C:18E9H         LINE#         177
  C:18EBH         LINE#         180
  C:18F0H         LINE#         181
  C:18F6H         LINE#         182
  C:18F6H         LINE#         183
  C:18FBH         LINE#         184
  C:18FEH         LINE#         185
  C:18FEH         LINE#         188
BL51 BANKED LINKER/LOCATER V4.02                                                      10/28/2019  14:04:56  PAGE 13


  C:190AH         LINE#         189
  C:190AH         LINE#         190
  C:190CH         LINE#         191
  C:190FH         LINE#         192
  C:1915H         LINE#         193
  C:1915H         LINE#         194
  C:1916H         LINE#         195
  C:1916H         LINE#         196
  C:1916H         LINE#         197
  C:1916H         LINE#         198
  C:1919H         LINE#         199
  C:191BH         LINE#         200
  C:191EH         LINE#         201
  C:1923H         LINE#         202
  C:192EH         LINE#         203
  C:1930H         LINE#         204
  C:193FH         LINE#         205
  C:1951H         LINE#         206
  C:1951H         LINE#         207
  C:1954H         LINE#         208
  C:1956H         LINE#         210
  C:1956H         LINE#         211
  C:1959H         LINE#         212
  C:1959H         LINE#         213
  C:1960H         LINE#         215
  C:1963H         LINE#         216
  C:1968H         LINE#         217
  C:1968H         LINE#         218
  -------         ENDPROC       _I2C_READ
  -------         ENDMOD        I2C

  -------         MODULE        LCD_HARDWARE_FUNCTIONS
  C:0000H         SYMBOL        _ICE_DUMMY_
  B:00D8H.2       PUBLIC        CCF2
  B:00D8H.3       PUBLIC        CCF3
  D:0080H         PUBLIC        P0
  B:00D8H.4       PUBLIC        CCF4
  D:0090H         PUBLIC        P1
  D:00A0H         PUBLIC        P2
  D:00B0H         PUBLIC        P3
  B:00B0H.4       PUBLIC        T0
  B:00D0H.6       PUBLIC        AC
  B:00B0H.5       PUBLIC        T1
  B:00B0H.7       PUBLIC        nRD
  B:0090H.0       PUBLIC        T2
  B:00A8H.7       PUBLIC        EA
  B:00A8H.6       PUBLIC        EC
  B:00D8H.7       PUBLIC        CF
  B:00B0H.2       PUBLIC        nINT0
  B:0098H.7       PUBLIC        FE
  B:00B0H.3       PUBLIC        nINT1
  D:00A8H         PUBLIC        IEN0
  B:00B0H.0       PUBLIC        RxD
  B:0090H.0       PUBLIC        P1_0
  B:00B0H.1       PUBLIC        TxD
  B:0090H.3       PUBLIC        CEX0
  B:0090H.1       PUBLIC        P1_1
BL51 BANKED LINKER/LOCATER V4.02                                                      10/28/2019  14:04:56  PAGE 14


  B:0090H.4       PUBLIC        CEX1
  B:0090H.2       PUBLIC        P1_2
  B:00C8H.0       PUBLIC        CP
  B:0090H.3       PUBLIC        P1_3
  B:00B0H.2       PUBLIC        P3_2
  B:0090H.4       PUBLIC        P1_4
  B:00D8H.6       PUBLIC        CR
  B:00B0H.3       PUBLIC        P3_3
  B:0090H.5       PUBLIC        P1_5
  B:00C8H.6       PUBLIC        EXF2
  D:00B8H         PUBLIC        IPL0
  B:00B0H.4       PUBLIC        P3_4
  B:0090H.6       PUBLIC        P1_6
  B:00B0H.5       PUBLIC        P3_5
  B:0090H.7       PUBLIC        P1_7
  B:00B0H.6       PUBLIC        nWR
  B:00A8H.4       PUBLIC        ES
  B:0098H.0       PUBLIC        RI
  B:00D0H.7       PUBLIC        CY
  B:0098H.1       PUBLIC        TI
  C:1F86H         PUBLIC        _Clear_LCD_bit
  B:00B8H.1       PUBLIC        PT0L
  C:1E7BH         PUBLIC        _LCD_Write
  B:00B8H.3       PUBLIC        PT1L
  B:00B8H.5       PUBLIC        PT2L
  B:0090H.1       PUBLIC        T2EX
  D:00D8H         PUBLIC        CCON
  B:00B0H.6       PUBLIC        RS
  B:00B8H.0       PUBLIC        PX0L
  B:00D0H.2       PUBLIC        OV
  C:1F98H         PUBLIC        _Output_LCD_data
  B:0090H.1       PUBLIC        SS
  B:00B8H.2       PUBLIC        PX1L
  B:00C8H.5       PUBLIC        RCLK
  B:00C8H.4       PUBLIC        TCLK
  B:00B8H.6       PUBLIC        PPCL
  B:00A0H.4       PUBLIC        REDLED
  D:0098H         PUBLIC        SCON
  B:00A0H.5       PUBLIC        YELLOWLED
  B:0080H.0       PUBLIC        AD0
  D:0088H         PUBLIC        TCON
  B:0080H.1       PUBLIC        AD1
  B:0080H.2       PUBLIC        AD2
  B:00B0H.1       PUBLIC        per_RxD
  B:00C8H.1       PUBLIC        CnT2
  B:0080H.3       PUBLIC        AD3
  B:0090H.5       PUBLIC        MISO
  B:0090H.7       PUBLIC        MOSI
  B:0080H.4       PUBLIC        AD4
  B:00B0H.0       PUBLIC        per_TxD
  B:0080H.5       PUBLIC        AD5
  B:0080H.6       PUBLIC        AD6
  B:0080H.7       PUBLIC        AD7
  B:00A0H.0       PUBLIC        AD8
  B:00A0H.1       PUBLIC        AD9
  B:0088H.1       PUBLIC        IE0
  B:00A0H.6       PUBLIC        AMBERLED
BL51 BANKED LINKER/LOCATER V4.02                                                      10/28/2019  14:04:56  PAGE 15


  B:0088H.3       PUBLIC        IE1
  B:00B0H.7       PUBLIC        E
  B:00A0H.7       PUBLIC        GREENLED
  B:00A8H.1       PUBLIC        ET0
  B:00A8H.3       PUBLIC        ET1
  B:0088H.5       PUBLIC        TF0
  B:00A8H.5       PUBLIC        ET2
  B:0088H.7       PUBLIC        TF1
  B:00C8H.7       PUBLIC        TF2
  B:0098H.2       PUBLIC        RB8
  B:00A8H.0       PUBLIC        EX0
  B:0088H.0       PUBLIC        IT0
  B:0098H.3       PUBLIC        TB8
  B:00A8H.2       PUBLIC        EX1
  B:0088H.2       PUBLIC        IT1
  B:00D0H.0       PUBLIC        P
  B:0098H.7       PUBLIC        SM0
  B:0090H.2       PUBLIC        ECI
  B:0098H.6       PUBLIC        SM1
  B:0098H.5       PUBLIC        SM2
  B:00D0H.3       PUBLIC        RS0
  B:0088H.4       PUBLIC        TR0
  B:00D0H.4       PUBLIC        RS1
  B:0088H.6       PUBLIC        TR1
  B:0090H.0       PUBLIC        SDA
  B:00C8H.2       PUBLIC        TR2
  B:00A0H.0       PUBLIC        SW1
  B:00A0H.1       PUBLIC        SW2
  B:00A0H.2       PUBLIC        SW3
  B:00A0H.3       PUBLIC        SW4
  B:0090H.6       PUBLIC        SCK
  C:1F90H         PUBLIC        _Set_LCD_bit
  B:0090H.1       PUBLIC        SCL
  B:00C8H.3       PUBLIC        EXEN2
  B:0098H.4       PUBLIC        REN
  B:00A0H.2       PUBLIC        AD10
  B:00A0H.3       PUBLIC        AD11
  D:00C8H         PUBLIC        T2CON
  B:00A0H.4       PUBLIC        AD12
  B:00A0H.5       PUBLIC        AD13
  B:00A0H.6       PUBLIC        AD14
  B:00A0H.7       PUBLIC        AD15
  B:00B8H.4       PUBLIC        PLS
  B:00D0H.5       PUBLIC        F0
  B:00D0H.1       PUBLIC        F1
  D:00D0H         PUBLIC        PSW
  B:00D8H.0       PUBLIC        CCF0
  B:00D8H.1       PUBLIC        CCF1
  -------         PROC          _LCD_WRITE
  D:0007H         SYMBOL        RegSelect
  D:0029H         SYMBOL        LCD_Data
  C:1E7BH         LINE#         20
  C:1E7DH         LINE#         21
  C:1E7DH         LINE#         22
  C:1E80H         LINE#         23
  C:1E80H         LINE#         24
  C:1E85H         LINE#         25
BL51 BANKED LINKER/LOCATER V4.02                                                      10/28/2019  14:04:56  PAGE 16


  C:1E87H         LINE#         27
  C:1E87H         LINE#         28
  C:1E8CH         LINE#         29
  C:1E8CH         LINE#         30
  C:1E91H         LINE#         31
  C:1E96H         LINE#         32
  C:1E9BH         LINE#         33
  C:1EA0H         LINE#         34
  -------         ENDPROC       _LCD_WRITE
  -------         PROC          _OUTPUT_LCD_DATA
  D:0007H         SYMBOL        Port_Data
  C:1F98H         LINE#         48
  C:1F98H         LINE#         49
  C:1F98H         LINE#         50
  C:1F9AH         LINE#         51
  -------         ENDPROC       _OUTPUT_LCD_DATA
  -------         PROC          _CLEAR_LCD_BIT
  D:0007H         SYMBOL        Bit_Data
  C:1F86H         LINE#         61
  C:1F86H         LINE#         62
  C:1F86H         LINE#         63
  C:1F8AH         LINE#         64
  -------         ENDPROC       _CLEAR_LCD_BIT
  -------         PROC          _SET_LCD_BIT
  D:0007H         SYMBOL        Bit_Data
  C:1F90H         LINE#         74
  C:1F90H         LINE#         75
  C:1F90H         LINE#         76
  C:1F93H         LINE#         77
  -------         ENDPROC       _SET_LCD_BIT
  -------         ENDMOD        LCD_HARDWARE_FUNCTIONS

  -------         MODULE        LCD_ROUTINES
  C:0000H         SYMBOL        _ICE_DUMMY_
  B:00D8H.2       PUBLIC        CCF2
  B:00D8H.3       PUBLIC        CCF3
  D:0080H         PUBLIC        P0
  B:00D8H.4       PUBLIC        CCF4
  D:0090H         PUBLIC        P1
  D:00A0H         PUBLIC        P2
  D:00B0H         PUBLIC        P3
  B:00B0H.4       PUBLIC        T0
  B:00D0H.6       PUBLIC        AC
  B:00B0H.5       PUBLIC        T1
  B:00B0H.7       PUBLIC        nRD
  B:0090H.0       PUBLIC        T2
  B:00A8H.7       PUBLIC        EA
  B:00A8H.6       PUBLIC        EC
  B:00D8H.7       PUBLIC        CF
  B:00B0H.2       PUBLIC        nINT0
  B:0098H.7       PUBLIC        FE
  B:00B0H.3       PUBLIC        nINT1
  D:00A8H         PUBLIC        IEN0
  B:00B0H.0       PUBLIC        RxD
  B:00B0H.1       PUBLIC        TxD
  B:0090H.3       PUBLIC        CEX0
  B:0090H.4       PUBLIC        CEX1
BL51 BANKED LINKER/LOCATER V4.02                                                      10/28/2019  14:04:56  PAGE 17


  B:00C8H.0       PUBLIC        CP
  B:00D8H.6       PUBLIC        CR
  B:00C8H.6       PUBLIC        EXF2
  D:00B8H         PUBLIC        IPL0
  B:00B0H.6       PUBLIC        nWR
  B:00A8H.4       PUBLIC        ES
  B:0098H.0       PUBLIC        RI
  B:00D0H.7       PUBLIC        CY
  B:0098H.1       PUBLIC        TI
  B:00B8H.1       PUBLIC        PT0L
  B:00B8H.3       PUBLIC        PT1L
  B:00B8H.5       PUBLIC        PT2L
  B:0090H.1       PUBLIC        T2EX
  D:00D8H         PUBLIC        CCON
  B:00B8H.0       PUBLIC        PX0L
  B:00D0H.2       PUBLIC        OV
  B:0090H.1       PUBLIC        SS
  B:00B8H.2       PUBLIC        PX1L
  B:00C8H.5       PUBLIC        RCLK
  B:00C8H.4       PUBLIC        TCLK
  B:00B8H.6       PUBLIC        PPCL
  D:0098H         PUBLIC        SCON
  B:0080H.0       PUBLIC        AD0
  D:0088H         PUBLIC        TCON
  B:0080H.1       PUBLIC        AD1
  B:0080H.2       PUBLIC        AD2
  B:00C8H.1       PUBLIC        CnT2
  B:0080H.3       PUBLIC        AD3
  B:0090H.5       PUBLIC        MISO
  B:0090H.7       PUBLIC        MOSI
  B:0080H.4       PUBLIC        AD4
  B:0080H.5       PUBLIC        AD5
  B:0080H.6       PUBLIC        AD6
  B:0080H.7       PUBLIC        AD7
  B:00A0H.0       PUBLIC        AD8
  B:00A0H.1       PUBLIC        AD9
  B:0088H.1       PUBLIC        IE0
  B:0088H.3       PUBLIC        IE1
  C:1BFDH         PUBLIC        _LCD_print
  B:00A8H.1       PUBLIC        ET0
  C:1E43H         PUBLIC        LCD_Init
  B:00A8H.3       PUBLIC        ET1
  B:0088H.5       PUBLIC        TF0
  B:00A8H.5       PUBLIC        ET2
  B:0088H.7       PUBLIC        TF1
  B:00C8H.7       PUBLIC        TF2
  B:0098H.2       PUBLIC        RB8
  B:00A8H.0       PUBLIC        EX0
  B:0088H.0       PUBLIC        IT0
  B:0098H.3       PUBLIC        TB8
  B:00A8H.2       PUBLIC        EX1
  B:0088H.2       PUBLIC        IT1
  B:00D0H.0       PUBLIC        P
  B:0098H.7       PUBLIC        SM0
  B:0090H.2       PUBLIC        ECI
  B:0098H.6       PUBLIC        SM1
  B:0098H.5       PUBLIC        SM2
BL51 BANKED LINKER/LOCATER V4.02                                                      10/28/2019  14:04:56  PAGE 18


  B:00D0H.3       PUBLIC        RS0
  B:0088H.4       PUBLIC        TR0
  B:00D0H.4       PUBLIC        RS1
  B:0088H.6       PUBLIC        TR1
  B:00C8H.2       PUBLIC        TR2
  B:0090H.6       PUBLIC        SCK
  B:00C8H.3       PUBLIC        EXEN2
  B:0098H.4       PUBLIC        REN
  B:00A0H.2       PUBLIC        AD10
  B:00A0H.3       PUBLIC        AD11
  D:00C8H         PUBLIC        T2CON
  B:00A0H.4       PUBLIC        AD12
  B:00A0H.5       PUBLIC        AD13
  B:00A0H.6       PUBLIC        AD14
  B:00A0H.7       PUBLIC        AD15
  B:00B8H.4       PUBLIC        PLS
  B:00D0H.5       PUBLIC        F0
  B:00D0H.1       PUBLIC        F1
  D:00D0H         PUBLIC        PSW
  B:00D8H.0       PUBLIC        CCF0
  B:00D8H.1       PUBLIC        CCF1
  -------         PROC          LCD_INIT
  C:1E43H         LINE#         14
  C:1E43H         LINE#         15
  C:1E43H         LINE#         16
  C:1E4AH         LINE#         17
  C:1E51H         LINE#         18
  C:1E58H         LINE#         19
  C:1E5FH         LINE#         20
  C:1E66H         LINE#         21
  C:1E6DH         LINE#         22
  C:1E74H         LINE#         23
  -------         ENDPROC       LCD_INIT
  -------         PROC          _LCD_PRINT
  D:0007H         SYMBOL        address
  D:0023H         SYMBOL        num_bytes
  D:0024H         SYMBOL        array_name_p
  -------         DO            array_name_p
  D:0027H         SYMBOL        index
  D:0028H         SYMBOL        character
  -------         ENDDO         character
  C:1BFDH         LINE#         28
  C:1C05H         LINE#         29
  C:1C05H         LINE#         31
  C:1C09H         LINE#         32
  C:1C09H         LINE#         33
  C:1C12H         LINE#         34
  C:1C19H         LINE#         35
  C:1C19H         LINE#         36
  C:1C1DH         LINE#         37
  C:1C1DH         LINE#         38
  C:1C1FH         LINE#         39
  C:1C2FH         LINE#         40
  C:1C33H         LINE#         41
  C:1C33H         LINE#         42
  C:1C39H         LINE#         43
  C:1C40H         LINE#         44
BL51 BANKED LINKER/LOCATER V4.02                                                      10/28/2019  14:04:56  PAGE 19


  C:1C42H         LINE#         45
  C:1C53H         LINE#         46
  C:1C55H         LINE#         47
  C:1C55H         LINE#         49
  C:1C55H         LINE#         50
  C:1C5FH         LINE#         51
  C:1C5FH         LINE#         52
  C:1C70H         LINE#         53
  C:1C76H         LINE#         54
  C:1C7DH         LINE#         55
  C:1C81H         LINE#         56
  C:1C81H         LINE#         57
  -------         ENDPROC       _LCD_PRINT
  -------         ENDMOD        LCD_ROUTINES

  -------         MODULE        LED_OUTPUTS
  C:0000H         SYMBOL        _ICE_DUMMY_
  B:00D8H.2       PUBLIC        CCF2
  B:00D8H.3       PUBLIC        CCF3
  D:0080H         PUBLIC        P0
  B:00D8H.4       PUBLIC        CCF4
  D:0090H         PUBLIC        P1
  D:00A0H         PUBLIC        P2
  D:00B0H         PUBLIC        P3
  B:00B0H.4       PUBLIC        T0
  B:00D0H.6       PUBLIC        AC
  B:00B0H.5       PUBLIC        T1
  B:00B0H.7       PUBLIC        nRD
  B:0090H.0       PUBLIC        T2
  B:00A8H.7       PUBLIC        EA
  C:1F8BH         PUBLIC        _LEDS_ON
  B:00A8H.6       PUBLIC        EC
  B:00D8H.7       PUBLIC        CF
  B:00B0H.2       PUBLIC        nINT0
  B:0098H.7       PUBLIC        FE
  B:00B0H.3       PUBLIC        nINT1
  D:00A8H         PUBLIC        IEN0
  B:00B0H.0       PUBLIC        RxD
  B:0090H.0       PUBLIC        P1_0
  B:00B0H.1       PUBLIC        TxD
  B:0090H.3       PUBLIC        CEX0
  B:0090H.1       PUBLIC        P1_1
  B:0090H.4       PUBLIC        CEX1
  B:0090H.2       PUBLIC        P1_2
  B:00C8H.0       PUBLIC        CP
  B:0090H.3       PUBLIC        P1_3
  B:00B0H.2       PUBLIC        P3_2
  B:0090H.4       PUBLIC        P1_4
  B:00D8H.6       PUBLIC        CR
  B:00B0H.3       PUBLIC        P3_3
  B:0090H.5       PUBLIC        P1_5
  B:00C8H.6       PUBLIC        EXF2
  D:00B8H         PUBLIC        IPL0
  B:00B0H.4       PUBLIC        P3_4
  B:0090H.6       PUBLIC        P1_6
  B:00B0H.5       PUBLIC        P3_5
  B:0090H.7       PUBLIC        P1_7
BL51 BANKED LINKER/LOCATER V4.02                                                      10/28/2019  14:04:56  PAGE 20


  B:00B0H.6       PUBLIC        nWR
  B:00A8H.4       PUBLIC        ES
  B:0098H.0       PUBLIC        RI
  B:00D0H.7       PUBLIC        CY
  B:0098H.1       PUBLIC        TI
  B:00B8H.1       PUBLIC        PT0L
  B:00B8H.3       PUBLIC        PT1L
  B:00B8H.5       PUBLIC        PT2L
  B:0090H.1       PUBLIC        T2EX
  D:00D8H         PUBLIC        CCON
  B:00B0H.6       PUBLIC        RS
  B:00B8H.0       PUBLIC        PX0L
  B:00D0H.2       PUBLIC        OV
  B:0090H.1       PUBLIC        SS
  B:00B8H.2       PUBLIC        PX1L
  B:00C8H.5       PUBLIC        RCLK
  B:00C8H.4       PUBLIC        TCLK
  B:00B8H.6       PUBLIC        PPCL
  B:00A0H.4       PUBLIC        REDLED
  D:0098H         PUBLIC        SCON
  B:00A0H.5       PUBLIC        YELLOWLED
  B:0080H.0       PUBLIC        AD0
  D:0088H         PUBLIC        TCON
  B:0080H.1       PUBLIC        AD1
  B:0080H.2       PUBLIC        AD2
  B:00B0H.1       PUBLIC        per_RxD
  B:00C8H.1       PUBLIC        CnT2
  B:0080H.3       PUBLIC        AD3
  B:0090H.5       PUBLIC        MISO
  B:0090H.7       PUBLIC        MOSI
  B:0080H.4       PUBLIC        AD4
  B:00B0H.0       PUBLIC        per_TxD
  B:0080H.5       PUBLIC        AD5
  B:0080H.6       PUBLIC        AD6
  B:0080H.7       PUBLIC        AD7
  B:00A0H.0       PUBLIC        AD8
  B:00A0H.1       PUBLIC        AD9
  B:0088H.1       PUBLIC        IE0
  B:00A0H.6       PUBLIC        AMBERLED
  B:0088H.3       PUBLIC        IE1
  B:00B0H.7       PUBLIC        E
  C:1F94H         PUBLIC        _LEDS_OFF
  B:00A0H.7       PUBLIC        GREENLED
  B:00A8H.1       PUBLIC        ET0
  B:00A8H.3       PUBLIC        ET1
  B:0088H.5       PUBLIC        TF0
  B:00A8H.5       PUBLIC        ET2
  B:0088H.7       PUBLIC        TF1
  B:00C8H.7       PUBLIC        TF2
  B:0098H.2       PUBLIC        RB8
  B:00A8H.0       PUBLIC        EX0
  B:0088H.0       PUBLIC        IT0
  B:0098H.3       PUBLIC        TB8
  B:00A8H.2       PUBLIC        EX1
  B:0088H.2       PUBLIC        IT1
  B:00D0H.0       PUBLIC        P
  B:0098H.7       PUBLIC        SM0
BL51 BANKED LINKER/LOCATER V4.02                                                      10/28/2019  14:04:56  PAGE 21


  B:0090H.2       PUBLIC        ECI
  B:0098H.6       PUBLIC        SM1
  B:0098H.5       PUBLIC        SM2
  B:00D0H.3       PUBLIC        RS0
  B:0088H.4       PUBLIC        TR0
  B:00D0H.4       PUBLIC        RS1
  B:0088H.6       PUBLIC        TR1
  B:0090H.0       PUBLIC        SDA
  B:00C8H.2       PUBLIC        TR2
  B:00A0H.0       PUBLIC        SW1
  B:00A0H.1       PUBLIC        SW2
  B:00A0H.2       PUBLIC        SW3
  B:00A0H.3       PUBLIC        SW4
  B:0090H.6       PUBLIC        SCK
  B:0090H.1       PUBLIC        SCL
  B:00C8H.3       PUBLIC        EXEN2
  B:0098H.4       PUBLIC        REN
  B:00A0H.2       PUBLIC        AD10
  B:00A0H.3       PUBLIC        AD11
  D:00C8H         PUBLIC        T2CON
  B:00A0H.4       PUBLIC        AD12
  B:00A0H.5       PUBLIC        AD13
  B:00A0H.6       PUBLIC        AD14
  B:00A0H.7       PUBLIC        AD15
  B:00B8H.4       PUBLIC        PLS
  B:00D0H.5       PUBLIC        F0
  B:00D0H.1       PUBLIC        F1
  D:00D0H         PUBLIC        PSW
  B:00D8H.0       PUBLIC        CCF0
  B:00D8H.1       PUBLIC        CCF1
  -------         PROC          _LEDS_ON
  D:0007H         SYMBOL        LED_bits
  C:1F8BH         LINE#         18
  C:1F8BH         LINE#         19
  C:1F8BH         LINE#         20
  C:1F8FH         LINE#         21
  -------         ENDPROC       _LEDS_ON
  -------         PROC          _LEDS_OFF
  D:0007H         SYMBOL        LED_bits
  C:1F94H         LINE#         33
  C:1F94H         LINE#         34
  C:1F94H         LINE#         35
  C:1F97H         LINE#         36
  -------         ENDPROC       _LEDS_OFF
  -------         ENDMOD        LED_OUTPUTS

  -------         MODULE        OUTPUTS
  C:0000H         SYMBOL        _ICE_DUMMY_
  B:00D8H.2       PUBLIC        CCF2
  B:00D8H.3       PUBLIC        CCF3
  D:0080H         PUBLIC        P0
  B:00D8H.4       PUBLIC        CCF4
  D:0090H         PUBLIC        P1
  D:00A0H         PUBLIC        P2
  D:00B0H         PUBLIC        P3
  B:00B0H.4       PUBLIC        T0
  B:00D0H.6       PUBLIC        AC
BL51 BANKED LINKER/LOCATER V4.02                                                      10/28/2019  14:04:56  PAGE 22


  B:00B0H.5       PUBLIC        T1
  B:00B0H.7       PUBLIC        nRD
  B:0090H.0       PUBLIC        T2
  B:00A8H.7       PUBLIC        EA
  B:00A8H.6       PUBLIC        EC
  B:00D8H.7       PUBLIC        CF
  B:00B0H.2       PUBLIC        nINT0
  B:0098H.7       PUBLIC        FE
  B:00B0H.3       PUBLIC        nINT1
  D:00A8H         PUBLIC        IEN0
  B:00B0H.0       PUBLIC        RxD
  B:0090H.0       PUBLIC        P1_0
  B:00B0H.1       PUBLIC        TxD
  B:0090H.3       PUBLIC        CEX0
  B:0090H.1       PUBLIC        P1_1
  B:0090H.4       PUBLIC        CEX1
  B:0090H.2       PUBLIC        P1_2
  B:00C8H.0       PUBLIC        CP
  B:0090H.3       PUBLIC        P1_3
  B:00B0H.2       PUBLIC        P3_2
  B:0090H.4       PUBLIC        P1_4
  B:00D8H.6       PUBLIC        CR
  B:00B0H.3       PUBLIC        P3_3
  B:0090H.5       PUBLIC        P1_5
  B:00C8H.6       PUBLIC        EXF2
  D:00B8H         PUBLIC        IPL0
  B:00B0H.4       PUBLIC        P3_4
  B:0090H.6       PUBLIC        P1_6
  B:00B0H.5       PUBLIC        P3_5
  B:0090H.7       PUBLIC        P1_7
  B:00B0H.6       PUBLIC        nWR
  B:00A8H.4       PUBLIC        ES
  B:0098H.0       PUBLIC        RI
  B:00D0H.7       PUBLIC        CY
  B:0098H.1       PUBLIC        TI
  B:00B8H.1       PUBLIC        PT0L
  B:00B8H.3       PUBLIC        PT1L
  B:00B8H.5       PUBLIC        PT2L
  B:0090H.1       PUBLIC        T2EX
  D:00D8H         PUBLIC        CCON
  B:00B0H.6       PUBLIC        RS
  B:00B8H.0       PUBLIC        PX0L
  B:00D0H.2       PUBLIC        OV
  B:0090H.1       PUBLIC        SS
  B:00B8H.2       PUBLIC        PX1L
  B:00C8H.5       PUBLIC        RCLK
  B:00C8H.4       PUBLIC        TCLK
  B:00B8H.6       PUBLIC        PPCL
  B:00A0H.4       PUBLIC        REDLED
  D:0098H         PUBLIC        SCON
  B:00A0H.5       PUBLIC        YELLOWLED
  B:0080H.0       PUBLIC        AD0
  D:0088H         PUBLIC        TCON
  B:0080H.1       PUBLIC        AD1
  B:0080H.2       PUBLIC        AD2
  B:00B0H.1       PUBLIC        per_RxD
  B:00C8H.1       PUBLIC        CnT2
BL51 BANKED LINKER/LOCATER V4.02                                                      10/28/2019  14:04:56  PAGE 23


  B:0080H.3       PUBLIC        AD3
  B:0090H.5       PUBLIC        MISO
  B:0090H.7       PUBLIC        MOSI
  B:0080H.4       PUBLIC        AD4
  B:00B0H.0       PUBLIC        per_TxD
  B:0080H.5       PUBLIC        AD5
  B:0080H.6       PUBLIC        AD6
  B:0080H.7       PUBLIC        AD7
  B:00A0H.0       PUBLIC        AD8
  B:00A0H.1       PUBLIC        AD9
  B:0088H.1       PUBLIC        IE0
  B:00A0H.6       PUBLIC        AMBERLED
  B:0088H.3       PUBLIC        IE1
  B:00B0H.7       PUBLIC        E
  B:00A0H.7       PUBLIC        GREENLED
  B:00A8H.1       PUBLIC        ET0
  B:00A8H.3       PUBLIC        ET1
  B:0088H.5       PUBLIC        TF0
  B:00A8H.5       PUBLIC        ET2
  B:0088H.7       PUBLIC        TF1
  B:00C8H.7       PUBLIC        TF2
  B:0098H.2       PUBLIC        RB8
  B:00A8H.0       PUBLIC        EX0
  B:0088H.0       PUBLIC        IT0
  B:0098H.3       PUBLIC        TB8
  B:00A8H.2       PUBLIC        EX1
  B:0088H.2       PUBLIC        IT1
  B:00D0H.0       PUBLIC        P
  B:0098H.7       PUBLIC        SM0
  B:0090H.2       PUBLIC        ECI
  B:0098H.6       PUBLIC        SM1
  B:0098H.5       PUBLIC        SM2
  B:00D0H.3       PUBLIC        RS0
  B:0088H.4       PUBLIC        TR0
  B:00D0H.4       PUBLIC        RS1
  C:1AD8H         PUBLIC        _write_port_bit
  B:0088H.6       PUBLIC        TR1
  B:0090H.0       PUBLIC        SDA
  B:00C8H.2       PUBLIC        TR2
  B:00A0H.0       PUBLIC        SW1
  B:00A0H.1       PUBLIC        SW2
  B:00A0H.2       PUBLIC        SW3
  B:00A0H.3       PUBLIC        SW4
  B:0090H.6       PUBLIC        SCK
  B:0090H.1       PUBLIC        SCL
  B:00C8H.3       PUBLIC        EXEN2
  B:0098H.4       PUBLIC        REN
  B:00A0H.2       PUBLIC        AD10
  B:00A0H.3       PUBLIC        AD11
  D:00C8H         PUBLIC        T2CON
  B:00A0H.4       PUBLIC        AD12
  B:00A0H.5       PUBLIC        AD13
  B:00A0H.6       PUBLIC        AD14
  B:00A0H.7       PUBLIC        AD15
  B:00B8H.4       PUBLIC        PLS
  B:00D0H.5       PUBLIC        F0
  B:00D0H.1       PUBLIC        F1
BL51 BANKED LINKER/LOCATER V4.02                                                      10/28/2019  14:04:56  PAGE 24


  D:00D0H         PUBLIC        PSW
  B:00D8H.0       PUBLIC        CCF0
  B:00D8H.1       PUBLIC        CCF1
  -------         PROC          _WRITE_PORT_BIT
  D:0007H         SYMBOL        port_num
  D:0005H         SYMBOL        bit_num
  D:0003H         SYMBOL        bit_val
  C:1AD8H         LINE#         3
  C:1AD8H         LINE#         4
  C:1AD8H         LINE#         5
  C:1ADBH         LINE#         6
  C:1ADBH         LINE#         7
  C:1AECH         LINE#         8
  C:1AECH         LINE#         9
  C:1AECH         LINE#         10
  C:1AF9H         LINE#         11
  C:1AFAH         LINE#         12
  C:1AFAH         LINE#         13
  C:1B07H         LINE#         14
  C:1B08H         LINE#         15
  C:1B08H         LINE#         16
  C:1B15H         LINE#         17
  C:1B16H         LINE#         18
  C:1B16H         LINE#         19
  C:1B23H         LINE#         20
  C:1B23H         LINE#         21
  C:1B24H         LINE#         23
  C:1B24H         LINE#         24
  C:1B32H         LINE#         25
  C:1B32H         LINE#         26
  C:1B32H         LINE#         27
  C:1B40H         LINE#         28
  C:1B41H         LINE#         29
  C:1B41H         LINE#         30
  C:1B4FH         LINE#         31
  C:1B50H         LINE#         32
  C:1B50H         LINE#         33
  C:1B5EH         LINE#         34
  C:1B5FH         LINE#         35
  C:1B5FH         LINE#         36
  C:1B6FH         LINE#         37
  C:1B6FH         LINE#         38
  C:1B6FH         LINE#         40
  -------         ENDPROC       _WRITE_PORT_BIT
  -------         ENDMOD        OUTPUTS

  -------         MODULE        STA013
  C:0000H         SYMBOL        _ICE_DUMMY_
  B:00D8H.2       PUBLIC        CCF2
  C:1969H         PUBLIC        _STA013_send_cfg_file
  B:00D8H.3       PUBLIC        CCF3
  D:0080H         PUBLIC        P0
  B:00D8H.4       PUBLIC        CCF4
  D:0090H         PUBLIC        P1
  D:00A0H         PUBLIC        P2
  D:00B0H         PUBLIC        P3
  B:00B0H.4       PUBLIC        T0
BL51 BANKED LINKER/LOCATER V4.02                                                      10/28/2019  14:04:56  PAGE 25


  B:00D0H.6       PUBLIC        AC
  B:00B0H.5       PUBLIC        T1
  B:00B0H.7       PUBLIC        nRD
  B:0090H.0       PUBLIC        T2
  B:00A8H.7       PUBLIC        EA
  B:00A8H.6       PUBLIC        EC
  C:1797H         PUBLIC        STA013_send_cfg_table
  B:00D8H.7       PUBLIC        CF
  B:00B0H.2       PUBLIC        nINT0
  B:0098H.7       PUBLIC        FE
  B:00B0H.3       PUBLIC        nINT1
  D:00A8H         PUBLIC        IEN0
  B:00B0H.0       PUBLIC        RxD
  B:0090H.0       PUBLIC        P1_0
  B:00B0H.1       PUBLIC        TxD
  B:0090H.3       PUBLIC        CEX0
  B:0090H.1       PUBLIC        P1_1
  B:0090H.4       PUBLIC        CEX1
  B:0090H.2       PUBLIC        P1_2
  B:00C8H.0       PUBLIC        CP
  B:0090H.3       PUBLIC        P1_3
  B:00B0H.2       PUBLIC        P3_2
  B:0090H.4       PUBLIC        P1_4
  C:1C82H         PUBLIC        STA013_init
  B:00D8H.6       PUBLIC        CR
  B:00B0H.3       PUBLIC        P3_3
  B:0090H.5       PUBLIC        P1_5
  B:00C8H.6       PUBLIC        EXF2
  D:00B8H         PUBLIC        IPL0
  B:00B0H.4       PUBLIC        P3_4
  B:0090H.6       PUBLIC        P1_6
  B:00B0H.5       PUBLIC        P3_5
  B:0090H.7       PUBLIC        P1_7
  B:00B0H.6       PUBLIC        nWR
  B:00A8H.4       PUBLIC        ES
  B:0098H.0       PUBLIC        RI
  B:00D0H.7       PUBLIC        CY
  C:1584H         PUBLIC        cfg_table
  B:0098H.1       PUBLIC        TI
  B:00B8H.1       PUBLIC        PT0L
  B:00B8H.3       PUBLIC        PT1L
  B:00B8H.5       PUBLIC        PT2L
  B:0090H.1       PUBLIC        T2EX
  D:00D8H         PUBLIC        CCON
  B:00B0H.6       PUBLIC        RS
  B:00B8H.0       PUBLIC        PX0L
  B:00D0H.2       PUBLIC        OV
  B:0090H.1       PUBLIC        SS
  B:00B8H.2       PUBLIC        PX1L
  B:00C8H.5       PUBLIC        RCLK
  B:00C8H.4       PUBLIC        TCLK
  B:00B8H.6       PUBLIC        PPCL
  B:00A0H.4       PUBLIC        REDLED
  D:0098H         PUBLIC        SCON
  B:00A0H.5       PUBLIC        YELLOWLED
  B:0080H.0       PUBLIC        AD0
  D:0088H         PUBLIC        TCON
BL51 BANKED LINKER/LOCATER V4.02                                                      10/28/2019  14:04:56  PAGE 26


  B:0080H.1       PUBLIC        AD1
  B:0080H.2       PUBLIC        AD2
  B:00B0H.1       PUBLIC        per_RxD
  B:00C8H.1       PUBLIC        CnT2
  B:0080H.3       PUBLIC        AD3
  B:0090H.5       PUBLIC        MISO
  B:0090H.7       PUBLIC        MOSI
  B:0080H.4       PUBLIC        AD4
  B:00B0H.0       PUBLIC        per_TxD
  B:0080H.5       PUBLIC        AD5
  B:0080H.6       PUBLIC        AD6
  B:0080H.7       PUBLIC        AD7
  B:00A0H.0       PUBLIC        AD8
  B:00A0H.1       PUBLIC        AD9
  B:0088H.1       PUBLIC        IE0
  B:00A0H.6       PUBLIC        AMBERLED
  B:0088H.3       PUBLIC        IE1
  B:00B0H.7       PUBLIC        E
  B:00A0H.7       PUBLIC        GREENLED
  B:00A8H.1       PUBLIC        ET0
  B:00A8H.3       PUBLIC        ET1
  B:0088H.5       PUBLIC        TF0
  B:00A8H.5       PUBLIC        ET2
  B:0088H.7       PUBLIC        TF1
  B:00C8H.7       PUBLIC        TF2
  B:0098H.2       PUBLIC        RB8
  B:00A8H.0       PUBLIC        EX0
  B:0088H.0       PUBLIC        IT0
  B:0098H.3       PUBLIC        TB8
  B:00A8H.2       PUBLIC        EX1
  B:0088H.2       PUBLIC        IT1
  B:00D0H.0       PUBLIC        P
  B:0098H.7       PUBLIC        SM0
  B:0090H.2       PUBLIC        ECI
  B:0098H.6       PUBLIC        SM1
  B:0098H.5       PUBLIC        SM2
  B:00D0H.3       PUBLIC        RS0
  B:0088H.4       PUBLIC        TR0
  B:00D0H.4       PUBLIC        RS1
  B:0088H.6       PUBLIC        TR1
  B:0090H.0       PUBLIC        SDA
  B:00C8H.2       PUBLIC        TR2
  B:00A0H.0       PUBLIC        SW1
  B:00A0H.1       PUBLIC        SW2
  B:00A0H.2       PUBLIC        SW3
  B:00A0H.3       PUBLIC        SW4
  B:0090H.6       PUBLIC        SCK
  B:0090H.1       PUBLIC        SCL
  B:00C8H.3       PUBLIC        EXEN2
  B:0098H.4       PUBLIC        REN
  B:00A0H.2       PUBLIC        AD10
  B:00A0H.3       PUBLIC        AD11
  D:00C8H         PUBLIC        T2CON
  B:00A0H.4       PUBLIC        AD12
  B:00A0H.5       PUBLIC        AD13
  B:00A0H.6       PUBLIC        AD14
  B:00A0H.7       PUBLIC        AD15
BL51 BANKED LINKER/LOCATER V4.02                                                      10/28/2019  14:04:56  PAGE 27


  C:1B70H         PUBLIC        _STA013_test_read_ID
  B:00B8H.4       PUBLIC        PLS
  B:00D0H.5       PUBLIC        F0
  B:00D0H.1       PUBLIC        F1
  D:00D0H         PUBLIC        PSW
  B:00D8H.0       PUBLIC        CCF0
  B:00D8H.1       PUBLIC        CCF1
  -------         PROC          _STA013_TEST_READ_ID
  D:0024H         SYMBOL        ID_reg
  -------         DO            ID_reg
  D:0027H         SYMBOL        err
  D:0028H         SYMBOL        timeout
  D:0029H         SYMBOL        rcv
  -------         ENDDO         rcv
  C:1B70H         LINE#         29
  C:1B76H         LINE#         30
  C:1B76H         LINE#         32
  C:1B79H         LINE#         35
  C:1B79H         LINE#         37
  C:1B9AH         LINE#         38
  C:1B9CH         LINE#         39
  C:1BA6H         LINE#         41
  C:1BAAH         LINE#         42
  C:1BAAH         LINE#         43
  C:1BB3H         LINE#         44
  C:1BB6H         LINE#         45
  C:1BB6H         LINE#         46
  C:1BBCH         LINE#         47
  C:1BBCH         LINE#         48
  C:1BC8H         LINE#         49
  C:1BCBH         LINE#         50
  C:1BCBH         LINE#         51
  C:1BD6H         LINE#         52
  C:1BDCH         LINE#         53
  C:1BDCH         LINE#         54
  C:1BE5H         LINE#         55
  C:1BF7H         LINE#         56
  C:1BFAH         LINE#         57
  C:1BFAH         LINE#         58
  C:1BFCH         LINE#         59
  -------         ENDPROC       _STA013_TEST_READ_ID
  -------         PROC          _STA013_SEND_CFG_FILE
  D:0024H         SYMBOL        cfg_p
  -------         DO            cfg_p
  D:0027H         SYMBOL        timeout
  D:0007H         SYMBOL        status
  D:0028H         SYMBOL        index
  D:002AH         SYMBOL        internal_addr
  D:002EH         SYMBOL        send_array
  -------         ENDDO         send_array
  C:1969H         LINE#         61
  C:196FH         LINE#         62
  C:196FH         LINE#         67
  C:1974H         LINE#         68
  C:1987H         LINE#         69
  C:198FH         LINE#         70
  C:1999H         LINE#         71
BL51 BANKED LINKER/LOCATER V4.02                                                      10/28/2019  14:04:56  PAGE 28


  C:19A1H         LINE#         73
  C:19B5H         LINE#         74
  C:19B5H         LINE#         75
  C:19B8H         LINE#         78
  C:19B8H         LINE#         79
  C:19DBH         LINE#         80
  C:19DDH         LINE#         81
  C:19E6H         LINE#         82
  C:19EAH         LINE#         83
  C:19EAH         LINE#         84
  C:19EDH         LINE#         85
  C:19EDH         LINE#         86
  C:19EDH         LINE#         88
  C:1A06H         LINE#         89
  C:1A0EH         LINE#         90
  C:1A18H         LINE#         91
  C:1A20H         LINE#         92
  C:1A23H         LINE#         93
  C:1A25H         LINE#         94
  -------         ENDPROC       _STA013_SEND_CFG_FILE
  -------         PROC          STA013_SEND_CFG_TABLE
  -------         DO            STA013_SEND_CFG_TABLE
  D:0024H         SYMBOL        recv
  D:0025H         SYMBOL        send
  D:0026H         SYMBOL        timeout
  D:0027H         SYMBOL        status
  D:0028H         SYMBOL        index
  D:002AH         SYMBOL        internal_addr
  -------         ENDDO         internal_addr
  C:1797H         LINE#         96
  C:1797H         LINE#         97
  C:1797H         LINE#         101
  C:179CH         LINE#         102
  C:179CH         LINE#         103
  C:179FH         LINE#         104
  C:17B0H         LINE#         105
  C:17B7H         LINE#         108
  C:17B7H         LINE#         109
  C:17DCH         LINE#         110
  C:17DEH         LINE#         111
  C:17E8H         LINE#         112
  C:17ECH         LINE#         113
  C:17ECH         LINE#         114
  C:17F5H         LINE#         115
  C:17F8H         LINE#         116
  C:17F8H         LINE#         117
  C:17FEH         LINE#         118
  C:17FEH         LINE#         119
  C:1807H         LINE#         120
  C:180AH         LINE#         121
  C:180AH         LINE#         124
  C:180DH         LINE#         125
  C:180FH         LINE#         127
  C:180FH         LINE#         128
  C:1834H         LINE#         129
  C:1836H         LINE#         130
  C:1840H         LINE#         131
BL51 BANKED LINKER/LOCATER V4.02                                                      10/28/2019  14:04:56  PAGE 29


  C:1844H         LINE#         132
  C:1844H         LINE#         133
  C:184DH         LINE#         134
  C:1850H         LINE#         135
  C:1850H         LINE#         136
  C:1856H         LINE#         137
  C:1856H         LINE#         138
  C:185FH         LINE#         139
  C:1862H         LINE#         140
  C:1862H         LINE#         141
  C:1868H         LINE#         142
  C:1868H         LINE#         143
  C:1871H         LINE#         144
  C:1880H         LINE#         145
  C:1883H         LINE#         146
  C:1883H         LINE#         148
  C:1883H         LINE#         149
  C:1895H         LINE#         150
  C:1895H         LINE#         151
  C:18A9H         LINE#         152
  C:18ABH         LINE#         153
  -------         ENDPROC       STA013_SEND_CFG_TABLE
  -------         PROC          STA013_INIT
  -------         DO            STA013_INIT
  D:0023H         SYMBOL        ID_reg
  -------         ENDDO         ID_reg
  C:1C82H         LINE#         155
  C:1C82H         LINE#         156
  C:1C82H         LINE#         161
  C:1C8BH         LINE#         162
  C:1C94H         LINE#         165
  C:1C9DH         LINE#         166
  C:1CABH         LINE#         167
  C:1CABH         LINE#         168
  C:1CB4H         LINE#         169
  C:1CB7H         LINE#         170
  C:1CB7H         LINE#         171
  C:1CC0H         LINE#         172
  C:1CCCH         LINE#         174
  C:1CDDH         LINE#         175
  C:1CEEH         LINE#         177
  C:1CF9H         LINE#         179
  C:1CFBH         LINE#         180
  -------         ENDPROC       STA013_INIT
  -------         ENDMOD        STA013

  -------         MODULE        TIMER0_HARDWARE_DELAY_1MS
  C:0000H         SYMBOL        _ICE_DUMMY_
  B:00D8H.2       PUBLIC        CCF2
  B:00D8H.3       PUBLIC        CCF3
  D:0080H         PUBLIC        P0
  B:00D8H.4       PUBLIC        CCF4
  D:0090H         PUBLIC        P1
  D:00A0H         PUBLIC        P2
  D:00B0H         PUBLIC        P3
  B:00B0H.4       PUBLIC        T0
  B:00D0H.6       PUBLIC        AC
BL51 BANKED LINKER/LOCATER V4.02                                                      10/28/2019  14:04:56  PAGE 30


  B:00B0H.5       PUBLIC        T1
  B:00B0H.7       PUBLIC        nRD
  B:0090H.0       PUBLIC        T2
  B:00A8H.7       PUBLIC        EA
  B:00A8H.6       PUBLIC        EC
  B:00D8H.7       PUBLIC        CF
  B:00B0H.2       PUBLIC        nINT0
  B:0098H.7       PUBLIC        FE
  B:00B0H.3       PUBLIC        nINT1
  D:00A8H         PUBLIC        IEN0
  B:00B0H.0       PUBLIC        RxD
  B:0090H.0       PUBLIC        P1_0
  B:00B0H.1       PUBLIC        TxD
  B:0090H.3       PUBLIC        CEX0
  B:0090H.1       PUBLIC        P1_1
  B:0090H.4       PUBLIC        CEX1
  B:0090H.2       PUBLIC        P1_2
  B:00C8H.0       PUBLIC        CP
  B:0090H.3       PUBLIC        P1_3
  B:00B0H.2       PUBLIC        P3_2
  B:0090H.4       PUBLIC        P1_4
  B:00D8H.6       PUBLIC        CR
  B:00B0H.3       PUBLIC        P3_3
  B:0090H.5       PUBLIC        P1_5
  B:00C8H.6       PUBLIC        EXF2
  D:00B8H         PUBLIC        IPL0
  B:00B0H.4       PUBLIC        P3_4
  B:0090H.6       PUBLIC        P1_6
  B:00B0H.5       PUBLIC        P3_5
  B:0090H.7       PUBLIC        P1_7
  B:00B0H.6       PUBLIC        nWR
  B:00A8H.4       PUBLIC        ES
  B:0098H.0       PUBLIC        RI
  B:00D0H.7       PUBLIC        CY
  B:0098H.1       PUBLIC        TI
  B:00B8H.1       PUBLIC        PT0L
  B:00B8H.3       PUBLIC        PT1L
  B:00B8H.5       PUBLIC        PT2L
  B:0090H.1       PUBLIC        T2EX
  D:00D8H         PUBLIC        CCON
  B:00B0H.6       PUBLIC        RS
  B:00B8H.0       PUBLIC        PX0L
  B:00D0H.2       PUBLIC        OV
  B:0090H.1       PUBLIC        SS
  B:00B8H.2       PUBLIC        PX1L
  B:00C8H.5       PUBLIC        RCLK
  B:00C8H.4       PUBLIC        TCLK
  B:00B8H.6       PUBLIC        PPCL
  B:00A0H.4       PUBLIC        REDLED
  D:0098H         PUBLIC        SCON
  B:00A0H.5       PUBLIC        YELLOWLED
  B:0080H.0       PUBLIC        AD0
  D:0089H         PUBLIC        TMOD
  D:0088H         PUBLIC        TCON
  B:0080H.1       PUBLIC        AD1
  B:0080H.2       PUBLIC        AD2
  B:00B0H.1       PUBLIC        per_RxD
BL51 BANKED LINKER/LOCATER V4.02                                                      10/28/2019  14:04:56  PAGE 31


  B:00C8H.1       PUBLIC        CnT2
  B:0080H.3       PUBLIC        AD3
  B:0090H.5       PUBLIC        MISO
  B:0090H.7       PUBLIC        MOSI
  B:0080H.4       PUBLIC        AD4
  B:00B0H.0       PUBLIC        per_TxD
  B:0080H.5       PUBLIC        AD5
  B:0080H.6       PUBLIC        AD6
  B:0080H.7       PUBLIC        AD7
  B:00A0H.0       PUBLIC        AD8
  B:00A0H.1       PUBLIC        AD9
  B:0088H.1       PUBLIC        IE0
  B:00A0H.6       PUBLIC        AMBERLED
  B:0088H.3       PUBLIC        IE1
  B:00B0H.7       PUBLIC        E
  B:00A0H.7       PUBLIC        GREENLED
  B:00A8H.1       PUBLIC        ET0
  B:00A8H.3       PUBLIC        ET1
  B:0088H.5       PUBLIC        TF0
  B:00A8H.5       PUBLIC        ET2
  B:0088H.7       PUBLIC        TF1
  B:00C8H.7       PUBLIC        TF2
  B:0098H.2       PUBLIC        RB8
  D:008CH         PUBLIC        TH0
  B:00A8H.0       PUBLIC        EX0
  B:0088H.0       PUBLIC        IT0
  B:0098H.3       PUBLIC        TB8
  B:00A8H.2       PUBLIC        EX1
  B:0088H.2       PUBLIC        IT1
  B:00D0H.0       PUBLIC        P
  B:0098H.7       PUBLIC        SM0
  D:008AH         PUBLIC        TL0
  B:0090H.2       PUBLIC        ECI
  B:0098H.6       PUBLIC        SM1
  B:0098H.5       PUBLIC        SM2
  B:00D0H.3       PUBLIC        RS0
  B:0088H.4       PUBLIC        TR0
  B:00D0H.4       PUBLIC        RS1
  B:0088H.6       PUBLIC        TR1
  C:1ECCH         PUBLIC        _Timer0_DELAY_1ms
  B:0090H.0       PUBLIC        SDA
  B:00C8H.2       PUBLIC        TR2
  B:00A0H.0       PUBLIC        SW1
  B:00A0H.1       PUBLIC        SW2
  B:00A0H.2       PUBLIC        SW3
  B:00A0H.3       PUBLIC        SW4
  B:0090H.6       PUBLIC        SCK
  B:0090H.1       PUBLIC        SCL
  B:00C8H.3       PUBLIC        EXEN2
  B:0098H.4       PUBLIC        REN
  B:00A0H.2       PUBLIC        AD10
  B:00A0H.3       PUBLIC        AD11
  D:00C8H         PUBLIC        T2CON
  B:00A0H.4       PUBLIC        AD12
  B:00A0H.5       PUBLIC        AD13
  B:00A0H.6       PUBLIC        AD14
  B:00A0H.7       PUBLIC        AD15
BL51 BANKED LINKER/LOCATER V4.02                                                      10/28/2019  14:04:56  PAGE 32


  B:00B8H.4       PUBLIC        PLS
  B:00D0H.5       PUBLIC        F0
  B:00D0H.1       PUBLIC        F1
  D:00D0H         PUBLIC        PSW
  B:00D8H.0       PUBLIC        CCF0
  B:00D8H.1       PUBLIC        CCF1
  -------         PROC          _TIMER0_DELAY_1MS
  D:0006H         SYMBOL        duration
  C:1ECCH         LINE#         8
  C:1ECCH         LINE#         9
  C:1ECCH         LINE#         11
  C:1ECFH         LINE#         12
  C:1ED2H         LINE#         15
  C:1ED4H         LINE#         18
  C:1ED4H         LINE#         20
  C:1ED7H         LINE#         21
  C:1EDAH         LINE#         23
  C:1EDCH         LINE#         24
  C:1EDEH         LINE#         26
  C:1EE1H         LINE#         28
  C:1EE3H         LINE#         29
  C:1EE8H         LINE#         30
  C:1EF1H         LINE#         31
  -------         ENDPROC       _TIMER0_DELAY_1MS
  -------         ENDMOD        TIMER0_HARDWARE_DELAY_1MS

  -------         MODULE        UART
  C:0000H         SYMBOL        _ICE_DUMMY_
  B:00D8H.2       PUBLIC        CCF2
  B:00D8H.3       PUBLIC        CCF3
  D:0080H         PUBLIC        P0
  B:00D8H.4       PUBLIC        CCF4
  D:0090H         PUBLIC        P1
  D:00A0H         PUBLIC        P2
  D:00B0H         PUBLIC        P3
  B:00B0H.4       PUBLIC        T0
  B:00D0H.6       PUBLIC        AC
  B:00B0H.5       PUBLIC        T1
  B:00B0H.7       PUBLIC        nRD
  B:0090H.0       PUBLIC        T2
  B:00A8H.7       PUBLIC        EA
  B:00A8H.6       PUBLIC        EC
  B:00D8H.7       PUBLIC        CF
  B:00B0H.2       PUBLIC        nINT0
  B:0098H.7       PUBLIC        FE
  B:00B0H.3       PUBLIC        nINT1
  D:00A8H         PUBLIC        IEN0
  B:00B0H.0       PUBLIC        RxD
  B:00B0H.1       PUBLIC        TxD
  B:0090H.3       PUBLIC        CEX0
  B:0090H.4       PUBLIC        CEX1
  B:00C8H.0       PUBLIC        CP
  B:00D8H.6       PUBLIC        CR
  B:00C8H.6       PUBLIC        EXF2
  D:00B8H         PUBLIC        IPL0
  B:00B0H.6       PUBLIC        nWR
  B:00A8H.4       PUBLIC        ES
BL51 BANKED LINKER/LOCATER V4.02                                                      10/28/2019  14:04:56  PAGE 33


  B:0098H.0       PUBLIC        RI
  B:00D0H.7       PUBLIC        CY
  B:0098H.1       PUBLIC        TI
  B:00B8H.1       PUBLIC        PT0L
  B:00B8H.3       PUBLIC        PT1L
  B:00B8H.5       PUBLIC        PT2L
  B:0090H.1       PUBLIC        T2EX
  D:00D8H         PUBLIC        CCON
  B:00B8H.0       PUBLIC        PX0L
  B:00D0H.2       PUBLIC        OV
  B:0090H.1       PUBLIC        SS
  B:00B8H.2       PUBLIC        PX1L
  B:00C8H.5       PUBLIC        RCLK
  B:00C8H.4       PUBLIC        TCLK
  B:00B8H.6       PUBLIC        PPCL
  D:0099H         PUBLIC        SBUF
  D:0087H         PUBLIC        PCON
  D:0098H         PUBLIC        SCON
  C:1D63H         PUBLIC        _uart_init
  B:0080H.0       PUBLIC        AD0
  D:0088H         PUBLIC        TCON
  B:0080H.1       PUBLIC        AD1
  B:0080H.2       PUBLIC        AD2
  B:00C8H.1       PUBLIC        CnT2
  B:0080H.3       PUBLIC        AD3
  B:0090H.5       PUBLIC        MISO
  B:0090H.7       PUBLIC        MOSI
  B:0080H.4       PUBLIC        AD4
  B:0080H.5       PUBLIC        AD5
  D:009BH         PUBLIC        BDRCON
  B:0080H.6       PUBLIC        AD6
  B:0080H.7       PUBLIC        AD7
  B:00A0H.0       PUBLIC        AD8
  B:00A0H.1       PUBLIC        AD9
  B:0088H.1       PUBLIC        IE0
  B:0088H.3       PUBLIC        IE1
  B:00A8H.1       PUBLIC        ET0
  B:00A8H.3       PUBLIC        ET1
  B:0088H.5       PUBLIC        TF0
  B:00A8H.5       PUBLIC        ET2
  B:0088H.7       PUBLIC        TF1
  B:00C8H.7       PUBLIC        TF2
  B:0098H.2       PUBLIC        RB8
  B:00A8H.0       PUBLIC        EX0
  B:0088H.0       PUBLIC        IT0
  B:0098H.3       PUBLIC        TB8
  B:00A8H.2       PUBLIC        EX1
  B:0088H.2       PUBLIC        IT1
  B:00D0H.0       PUBLIC        P
  B:0098H.7       PUBLIC        SM0
  B:0090H.2       PUBLIC        ECI
  B:0098H.6       PUBLIC        SM1
  B:0098H.5       PUBLIC        SM2
  C:1F76H         PUBLIC        _UART_Transmit
  B:00D0H.3       PUBLIC        RS0
  B:0088H.4       PUBLIC        TR0
  B:00D0H.4       PUBLIC        RS1
BL51 BANKED LINKER/LOCATER V4.02                                                      10/28/2019  14:04:56  PAGE 34


  B:0088H.6       PUBLIC        TR1
  B:00C8H.2       PUBLIC        TR2
  D:009AH         PUBLIC        BRL
  B:0090H.6       PUBLIC        SCK
  B:00C8H.3       PUBLIC        EXEN2
  C:1F7EH         PUBLIC        UART_Receive
  B:0098H.4       PUBLIC        REN
  B:00A0H.2       PUBLIC        AD10
  B:00A0H.3       PUBLIC        AD11
  D:00C8H         PUBLIC        T2CON
  B:00A0H.4       PUBLIC        AD12
  B:00A0H.5       PUBLIC        AD13
  B:00A0H.6       PUBLIC        AD14
  B:00A0H.7       PUBLIC        AD15
  B:00B8H.4       PUBLIC        PLS
  B:00D0H.5       PUBLIC        F0
  B:00D0H.1       PUBLIC        F1
  D:00D0H         PUBLIC        PSW
  B:00D8H.0       PUBLIC        CCF0
  B:00D8H.1       PUBLIC        CCF1
  -------         PROC          _UART_INIT
  D:0023H         SYMBOL        BAUD_RATE
  C:1D63H         LINE#         12
  C:1D67H         LINE#         13
  C:1D67H         LINE#         17
  C:1D6AH         LINE#         18
  C:1D6DH         LINE#         21
  C:1D6FH         LINE#         24
  C:1D72H         LINE#         27
  C:1D75H         LINE#         29
  C:1DC0H         LINE#         30
  C:1DC3H         LINE#         34
  -------         ENDPROC       _UART_INIT
  -------         PROC          _UART_TRANSMIT
  D:0007H         SYMBOL        send_value
  C:1F76H         LINE#         44
  C:1F76H         LINE#         45
  C:1F76H         LINE#         46
  C:1F79H         LINE#         47
  C:1F7BH         LINE#         48
  C:1F7DH         LINE#         49
  C:1F7DH         LINE#         50
  -------         ENDPROC       _UART_TRANSMIT
  -------         PROC          UART_RECEIVE
  C:1F7EH         LINE#         65
  C:1F7EH         LINE#         66
  C:1F7EH         LINE#         67
  C:1F81H         LINE#         68
  C:1F83H         LINE#         69
  C:1F85H         LINE#         70
  -------         ENDPROC       UART_RECEIVE
  -------         ENDMOD        UART

  -------         MODULE        CONFIG
  C:0003H         SEGMENT       STA013_CONFIG
  C:0003H         PUBLIC        CONFIG
  C:0FA1H         PUBLIC        CONFIG2
BL51 BANKED LINKER/LOCATER V4.02                                                      10/28/2019  14:04:56  PAGE 35


  -------         ENDMOD        CONFIG

  -------         MODULE        ?C?CLDOPTR
  C:15A6H         PUBLIC        ?C?CLDOPTR
  -------         ENDMOD        ?C?CLDOPTR

  -------         MODULE        ?C?CSTPTR
  C:15D3H         PUBLIC        ?C?CSTPTR
  -------         ENDMOD        ?C?CSTPTR

  -------         MODULE        ?C?CSTOPTR
  C:15E5H         PUBLIC        ?C?CSTOPTR
  -------         ENDMOD        ?C?CSTOPTR

  -------         MODULE        ?C?LMUL
  C:1607H         PUBLIC        ?C?LMUL
  -------         ENDMOD        ?C?LMUL

  -------         MODULE        ?C?ULDIV
  C:1692H         PUBLIC        ?C?ULDIV
  -------         ENDMOD        ?C?ULDIV

  -------         MODULE        ?C?ULCMP
  C:1724H         PUBLIC        ?C?ULCMP
  -------         ENDMOD        ?C?ULCMP

  -------         MODULE        ?C?ULSHR
  C:1735H         PUBLIC        ?C?ULSHR
  -------         ENDMOD        ?C?ULSHR

  -------         MODULE        PRINTF
  D:002EH         PUBLIC        ?_PRINTF517?BYTE
  D:002EH         PUBLIC        ?_PRINTF?BYTE
  D:002EH         PUBLIC        ?_SPRINTF517?BYTE
  D:002EH         PUBLIC        ?_SPRINTF?BYTE
  C:1035H         PUBLIC        _PRINTF
  C:1035H         PUBLIC        _PRINTF517
  C:102FH         PUBLIC        _SPRINTF
  C:102FH         PUBLIC        _SPRINTF517
  -------         ENDMOD        PRINTF

  -------         MODULE        ?C?CLDPTR
  C:1748H         PUBLIC        ?C?CLDPTR
  -------         ENDMOD        ?C?CLDPTR

  -------         MODULE        ?C?PLDIIDATA
  C:1761H         PUBLIC        ?C?PLDIIDATA
  -------         ENDMOD        ?C?PLDIIDATA

  -------         MODULE        ?C?CCASE
  C:1771H         PUBLIC        ?C?CCASE
  -------         ENDMOD        ?C?CCASE

  -------         MODULE        PUTCHAR
  C:1EA5H         PUBLIC        _PUTCHAR
  -------         ENDMOD        PUTCHAR

BL51 BANKED LINKER/LOCATER V4.02                                                      10/28/2019  14:04:56  PAGE 36


LINK/LOCATE RUN COMPLETE.  0 WARNING(S),  0 ERROR(S)
