C51 COMPILER V6.02  EXP_3_FALL2019                                                         10/25/2019 23:11:36 PAGE 1   


C51 COMPILER V6.02, COMPILATION OF MODULE EXP_3_FALL2019
OBJECT MODULE PLACED IN .\exp_3_fall2019.obj
COMPILER INVOKED BY: C:\Keil\C51\BIN\C51.EXE ..\source\exp_3_fall2019.c DEBUG OBJECTEXTEND PRINT(.\exp_3_fall2019.lst) O
                    -BJECT(.\exp_3_fall2019.obj) 

stmt level    source

   1          #include <stdio.h>
   2          #include "main.h"
   3          #include "PORT.H"
   4          #include "UART.h"
   5          #include "Timer0_hardware_delay_1ms.h"
   6          #include "LCD_routines.h"
   7          #include "LED_Outputs.h"
   8          #include "STA013.h"
   9          
  10          uint8_t code exp3_string[]="STA013 Init";
  11          uint8_t code exp3_string_success[]="STA013 Success";
  12          
  13          main()
  14          {
  15   1         uint8_t input_value;
  16   1      
  17   1         LEDS_ON(Red_LED);
  18   1         AUXR=0x0c;   // make all of XRAM available, ALE always on
  19   1         if(OSC_PER_INST==6)
  20   1         {
  21   2             CKCON0=0x01;  // set X2 clock mode
  22   2         }
  23   1         else if(OSC_PER_INST==12)
  24   1         {
  25   2             CKCON0=0x00;  // set standard clock mode
  26   2         }
  27   1         Timer0_DELAY_1ms(300);
  28   1         uart_init(9600);
  29   1      
  30   1      
  31   1         LCD_Init();
  32   1         LCD_Print(line1,0,exp3_string);
  33   1         if(STA013_init() == STA013_INIT_OK)
  34   1         {
  35   2           printf("STA013 init success\n");
  36   2           LCD_Print(line1,0,exp3_string_success);
  37   2           LEDS_ON(Green_LED);
  38   2         }
  39   1         else
  40   1         {
  41   2           printf("STA013 init failed\n");
  42   2           LEDS_ON(Amber_LED);
  43   2         }
  44   1         LEDS_OFF(Red_LED);
  45   1      
  46   1         while(1)
  47   1         {
  48   2      	      input_value=UART_Receive();
  49   2              UART_Transmit(input_value);
  50   2         }
  51   1      }


MODULE INFORMATION:   STATIC OVERLAYABLE
C51 COMPILER V6.02  EXP_3_FALL2019                                                         10/25/2019 23:11:36 PAGE 2   

   CODE SIZE        =    103    ----
   CONSTANT SIZE    =     68    ----
   XDATA SIZE       =   ----    ----
   PDATA SIZE       =   ----    ----
   DATA SIZE        =   ----       1
   IDATA SIZE       =   ----    ----
   BIT SIZE         =   ----    ----
END OF MODULE INFORMATION.


C51 COMPILATION COMPLETE.  0 WARNING(S),  0 ERROR(S)
